FACTORA v0.3.0 LIVE RUN  ·  0xF9bF8e95d61e90b6077A40c344121890ED2D62e3  ·  RESUME=1790011265

  ok    the deployed contract reports version 0.3.0  (0.3.0)
Sitting one. Two receivables, judged, promoted and funded
  ..    X: registered: already on chain
  ok    X: registered as fac-000001  (INV-V030-X-1790011265)
  ..    X: evidence committed: already on chain
  ..    X: countersigned: already on chain
  ..    X: the panel ruled: already on chain
  ..    Y: registered: already on chain
  ok    Y: registered as fac-000002  (INV-V030-Y-1790011265)
  ..    Y: evidence committed: already on chain
  ..    Y: countersigned: already on chain
  ..    Y: the panel ruled: already on chain
  ok    X: funded  (FUNDED · advance 0.0600 GEN)
  ok    Y: funded  (FUNDED · advance 0.0600 GEN)

Sitting two. The day of grace has passed and nobody paid

X. The seller's collection notices, against a buyer who countersigned
  ok    refused: X: a stranger filing on somebody else's default  (receipt ERROR)
  ..    X: the panel ruled on the default: round 1 landed (agree,agree,idle,disagree,agree)
  ..    X: panel said BUYER_DEFAULT; the contract records BUYER_DEFAULT; behind it: DF-1-1,EV-003
  ..    X: The on-chain record confirms the buyer's wallet countersigned the obligation before funding and that no repayment reached the contract by the due epoch. EV-003 (delivery receipt signed by MegaRetail Ltd's receiving clerk, accepted without reservation) and DF-1-1 (buyer acknowledged collection notices, raised no objection to goods or amount, and paid nothing) corroborate that the underlying obligation was performed and accepted, and the record contains no evidence of payment, rejection, or any stated defence.
  ok    X: the buyer is found in default on a debt its own wallet countersigned  (BUYER_DEFAULT)
  ok    X: inside its window the ruling names nobody yet
  ok    refused: X: finalizing the ruling inside its window  (receipt ERROR)
  ..    X: the ruling's window closes in 911s
  ok    X: after the window the buyer's wallet carries the liability  (liabilities on the wallet: 1)
  ok    X: payment answered the default and the liability left the wallet  (liabilities on the wallet: 0)

Y. CONTROL: the buyer's own remittance advice is the only thing behind its story
  ..    Y: the panel ruled on the default: round 1 landed (idle,agree,agree,idle,agree)
  ..    Y: panel said SELLER_RECOURSE; the contract records UNRESOLVED; behind it: DF-1-1
  ..    Y: On-chain buyer acknowledgement plus seller-written EV-003 establish that the obligation was performed and accepted. DF-1-1, written by the buyer, states that the buyer paid the seller directly one week before due date, which is exactly the condition listed for SELLER_RECOURSE and cuts against the party that wrote it.
  ok    Y: the seller was NOT named on the buyer's own paper  (panel said SELLER_RECOURSE; recorded UNRESOLVED)
  ok    refused: Y: asking again with nothing new filed  (receipt ERROR)

Y. The provider files what the buyer could not mint
  ok    Y: the new filing dropped the ruling that had not read it
  ..    Y: the panel ruled on the default: round 1 landed (agree,agree,idle,agree,idle)
  ..    Y: panel said SELLER_RECOURSE; the contract records SELLER_RECOURSE; behind it: DF-1-1,DF-2-1
  ..    Y: DF-1-1 states the buyer paid the seller directly against this exact invoice one week before due date. DF-2-1, written by the capital provider, independently confirms the seller's bank received those funds referencing INV-V030-Y-1790011265. This satisfies the SELLER_RECOURSE criterion that the buyer had already paid the seller directly for the invoiced receivable.
  ok    Y: recourse against the seller, resting on the provider's evidence  (SELLER_RECOURSE · DF-1-1,DF-2-1)
  ok    refused: Y: paying recourse before the ruling has taken effect  (receipt ERROR)
  ..    Y: the ruling's window closes in 900s
  ok    Y: after the window the seller's wallet carries the liability  (liabilities on the wallet: 1)
  ok    refused: Y: the buyer paying the seller's recourse  (receipt ERROR)
  ok    refused: Y: recourse one atto short  (receipt ERROR)
  ok    Y: the seller paid the advance plus the fee  (0.0650 GEN)
  ok    Y: the provider is whole, the instrument is closed, the liability has left the wallet
  ok    refused: Y: the buyer repaying an instrument that is closed  (receipt ERROR)

Claims
  ok    PROVIDER claimed  (0.1300 GEN)
  ok    custody is zero: every atto left through claim()  ({"invoices":2,"funded":2,"settled":1,"escrow_atto":"0"})

EVERY STEP PASSED
